18:59:52 **** Build of configuration Debug for project Experi_I2C ****
make -j16 all 
arm-none-eabi-gcc "../Drivers/STM32F4xx_HAL_Driver/Src/stm32f4xx_hal.c" -mcpu=cortex-m4 -std=gnu11 -g3 -DDEBUG -DUSE_HAL_DRIVER -DSTM32F446xx -c -I../Core/Inc -I../Drivers/STM32F4xx_HAL_Driver/Inc -I../Drivers/STM32F4xx_HAL_Driver/Inc/Legacy -I../Drivers/CMSIS/Device/ST/STM32F4xx/Include -I../Drivers/CMSIS/Include -O0 -ffunction-sections -fdata-sections -Wall -fstack-usage -fcyclomatic-complexity -MMD -MP -MF"Drivers/STM32F4xx_HAL_Driver/Src/stm32f4xx_hal.d" -MT"Drivers/STM32F4xx_HAL_Driver/Src/stm32f4xx_hal.o" --specs=nano.specs -mfpu=fpv4-sp-d16 -mfloat-abi=hard -mthumb -o "Drivers/STM32F4xx_HAL_Driver/Src/stm32f4xx_hal.o"
arm-none-eabi-gcc "../Drivers/STM32F4xx_HAL_Driver/Src/stm32f4xx_hal_cortex.c" -mcpu=cortex-m4 -std=gnu11 -g3 -DDEBUG -DUSE_HAL_DRIVER -DSTM32F446xx -c -I../Core/Inc -I../Drivers/STM32F4xx_HAL_Driver/Inc -I../Drivers/STM32F4xx_HAL_Driver/Inc/Legacy -I../Drivers/CMSIS/Device/ST/STM32F4xx/Include -I../Drivers/CMSIS/Include -O0 -ffunction-sections -fdata-sections -Wall -fstack-usage -fcyclomatic-complexity -MMD -MP -MF"Drivers/STM32F4xx_HAL_Driver/Src/stm32f4xx_hal_cortex.d" -MT"Drivers/STM32F4xx_HAL_Driver/Src/stm32f4xx_hal_cortex.o" --specs=nano.specs -mfpu=fpv4-sp-d16 -mfloat-abi=hard -mthumb -o "Drivers/STM32F4xx_HAL_Driver/Src/stm32f4xx_hal_cortex.o"
arm-none-eabi-gcc "../Drivers/STM32F4xx_HAL_Driver/Src/stm32f4xx_hal_dma.c" -mcpu=cortex-m4 -std=gnu11 -g3 -DDEBUG -DUSE_HAL_DRIVER -DSTM32F446xx -c -I../Core/Inc -I../Drivers/STM32F4xx_HAL_Driver/Inc -I../Drivers/STM32F4xx_HAL_Driver/Inc/Legacy -I../Drivers/CMSIS/Device/ST/STM32F4xx/Include -I../Drivers/CMSIS/Include -O0 -ffunction-sections -fdata-sections -Wall -fstack-usage -fcyclomatic-complexity -MMD -MP -MF"Drivers/STM32F4xx_HAL_Driver/Src/stm32f4xx_hal_dma.d" -MT"Drivers/STM32F4xx_HAL_Driver/Src/stm32f4xx_hal_dma.o" --specs=nano.specs -mfpu=fpv4-sp-d16 -mfloat-abi=hard -mthumb -o "Drivers/STM32F4xx_HAL_Driver/Src/stm32f4xx_hal_dma.o"
arm-none-eabi-gcc "../Drivers/STM32F4xx_HAL_Driver/Src/stm32f4xx_hal_dma_ex.c" -mcpu=cortex-m4 -std=gnu11 -g3 -DDEBUG -DUSE_HAL_DRIVER -DSTM32F446xx -c -I../Core/Inc -I../Drivers/STM32F4xx_HAL_Driver/Inc -I../Drivers/STM32F4xx_HAL_Driver/Inc/Legacy -I../Drivers/CMSIS/Device/ST/STM32F4xx/Include -I../Drivers/CMSIS/Include -O0 -ffunction-sections -fdata-sections -Wall -fstack-usage -fcyclomatic-complexity -MMD -MP -MF"Drivers/STM32F4xx_HAL_Driver/Src/stm32f4xx_hal_dma_ex.d" -MT"Drivers/STM32F4xx_HAL_Driver/Src/stm32f4xx_hal_dma_ex.o" --specs=nano.specs -mfpu=fpv4-sp-d16 -mfloat-abi=hard -mthumb -o "Drivers/STM32F4xx_HAL_Driver/Src/stm32f4xx_hal_dma_ex.o"
arm-none-eabi-gcc "../Drivers/STM32F4xx_HAL_Driver/Src/stm32f4xx_hal_exti.c" -mcpu=cortex-m4 -std=gnu11 -g3 -DDEBUG -DUSE_HAL_DRIVER -DSTM32F446xx -c -I../Core/Inc -I../Drivers/STM32F4xx_HAL_Driver/Inc -I../Drivers/STM32F4xx_HAL_Driver/Inc/Legacy -I../Drivers/CMSIS/Device/ST/STM32F4xx/Include -I../Drivers/CMSIS/Include -O0 -ffunction-sections -fdata-sections -Wall -fstack-usage -fcyclomatic-complexity -MMD -MP -MF"Drivers/STM32F4xx_HAL_Driver/Src/stm32f4xx_hal_exti.d" -MT"Drivers/STM32F4xx_HAL_Driver/Src/stm32f4xx_hal_exti.o" --specs=nano.specs -mfpu=fpv4-sp-d16 -mfloat-abi=hard -mthumb -o "Drivers/STM32F4xx_HAL_Driver/Src/stm32f4xx_hal_exti.o"
arm-none-eabi-gcc "../Drivers/STM32F4xx_HAL_Driver/Src/stm32f4xx_hal_flash.c" -mcpu=cortex-m4 -std=gnu11 -g3 -DDEBUG -DUSE_HAL_DRIVER -DSTM32F446xx -c -I../Core/Inc -I../Drivers/STM32F4xx_HAL_Driver/Inc -I../Drivers/STM32F4xx_HAL_Driver/Inc/Legacy -I../Drivers/CMSIS/Device/ST/STM32F4xx/Include -I../Drivers/CMSIS/Include -O0 -ffunction-sections -fdata-sections -Wall -fstack-usage -fcyclomatic-complexity -MMD -MP -MF"Drivers/STM32F4xx_HAL_Driver/Src/stm32f4xx_hal_flash.d" -MT"Drivers/STM32F4xx_HAL_Driver/Src/stm32f4xx_hal_flash.o" --specs=nano.specs -mfpu=fpv4-sp-d16 -mfloat-abi=hard -mthumb -o "Drivers/STM32F4xx_HAL_Driver/Src/stm32f4xx_hal_flash.o"
arm-none-eabi-gcc "../Drivers/STM32F4xx_HAL_Driver/Src/stm32f4xx_hal_flash_ex.c" -mcpu=cortex-m4 -std=gnu11 -g3 -DDEBUG -DUSE_HAL_DRIVER -DSTM32F446xx -c -I../Core/Inc -I../Drivers/STM32F4xx_HAL_Driver/Inc -I../Drivers/STM32F4xx_HAL_Driver/Inc/Legacy -I../Drivers/CMSIS/Device/ST/STM32F4xx/Include -I../Drivers/CMSIS/Include -O0 -ffunction-sections -fdata-sections -Wall -fstack-usage -fcyclomatic-complexity -MMD -MP -MF"Drivers/STM32F4xx_HAL_Driver/Src/stm32f4xx_hal_flash_ex.d" -MT"Drivers/STM32F4xx_HAL_Driver/Src/stm32f4xx_hal_flash_ex.o" --specs=nano.specs -mfpu=fpv4-sp-d16 -mfloat-abi=hard -mthumb -o "Drivers/STM32F4xx_HAL_Driver/Src/stm32f4xx_hal_flash_ex.o"
arm-none-eabi-gcc "../Drivers/STM32F4xx_HAL_Driver/Src/stm32f4xx_hal_flash_ramfunc.c" -mcpu=cortex-m4 -std=gnu11 -g3 -DDEBUG -DUSE_HAL_DRIVER -DSTM32F446xx -c -I../Core/Inc -I../Drivers/STM32F4xx_HAL_Driver/Inc -I../Drivers/STM32F4xx_HAL_Driver/Inc/Legacy -I../Drivers/CMSIS/Device/ST/STM32F4xx/Include -I../Drivers/CMSIS/Include -O0 -ffunction-sections -fdata-sections -Wall -fstack-usage -fcyclomatic-complexity -MMD -MP -MF"Drivers/STM32F4xx_HAL_Driver/Src/stm32f4xx_hal_flash_ramfunc.d" -MT"Drivers/STM32F4xx_HAL_Driver/Src/stm32f4xx_hal_flash_ramfunc.o" --specs=nano.specs -mfpu=fpv4-sp-d16 -mfloat-abi=hard -mthumb -o "Drivers/STM32F4xx_HAL_Driver/Src/stm32f4xx_hal_flash_ramfunc.o"
arm-none-eabi-gcc "../Drivers/STM32F4xx_HAL_Driver/Src/stm32f4xx_hal_gpio.c" -mcpu=cortex-m4 -std=gnu11 -g3 -DDEBUG -DUSE_HAL_DRIVER -DSTM32F446xx -c -I../Core/Inc -I../Drivers/STM32F4xx_HAL_Driver/Inc -I../Drivers/STM32F4xx_HAL_Driver/Inc/Legacy -I../Drivers/CMSIS/Device/ST/STM32F4xx/Include -I../Drivers/CMSIS/Include -O0 -ffunction-sections -fdata-sections -Wall -fstack-usage -fcyclomatic-complexity -MMD -MP -MF"Drivers/STM32F4xx_HAL_Driver/Src/stm32f4xx_hal_gpio.d" -MT"Drivers/STM32F4xx_HAL_Driver/Src/stm32f4xx_hal_gpio.o" --specs=nano.specs -mfpu=fpv4-sp-d16 -mfloat-abi=hard -mthumb -o "Drivers/STM32F4xx_HAL_Driver/Src/stm32f4xx_hal_gpio.o"
arm-none-eabi-gcc "../Drivers/STM32F4xx_HAL_Driver/Src/stm32f4xx_hal_i2c.c" -mcpu=cortex-m4 -std=gnu11 -g3 -DDEBUG -DUSE_HAL_DRIVER -DSTM32F446xx -c -I../Core/Inc -I../Drivers/STM32F4xx_HAL_Driver/Inc -I../Drivers/STM32F4xx_HAL_Driver/Inc/Legacy -I../Drivers/CMSIS/Device/ST/STM32F4xx/Include -I../Drivers/CMSIS/Include -O0 -ffunction-sections -fdata-sections -Wall -fstack-usage -fcyclomatic-complexity -MMD -MP -MF"Drivers/STM32F4xx_HAL_Driver/Src/stm32f4xx_hal_i2c.d" -MT"Drivers/STM32F4xx_HAL_Driver/Src/stm32f4xx_hal_i2c.o" --specs=nano.specs -mfpu=fpv4-sp-d16 -mfloat-abi=hard -mthumb -o "Drivers/STM32F4xx_HAL_Driver/Src/stm32f4xx_hal_i2c.o"
arm-none-eabi-gcc "../Drivers/STM32F4xx_HAL_Driver/Src/stm32f4xx_hal_i2c_ex.c" -mcpu=cortex-m4 -std=gnu11 -g3 -DDEBUG -DUSE_HAL_DRIVER -DSTM32F446xx -c -I../Core/Inc -I../Drivers/STM32F4xx_HAL_Driver/Inc -I../Drivers/STM32F4xx_HAL_Driver/Inc/Legacy -I../Drivers/CMSIS/Device/ST/STM32F4xx/Include -I../Drivers/CMSIS/Include -O0 -ffunction-sections -fdata-sections -Wall -fstack-usage -fcyclomatic-complexity -MMD -MP -MF"Drivers/STM32F4xx_HAL_Driver/Src/stm32f4xx_hal_i2c_ex.d" -MT"Drivers/STM32F4xx_HAL_Driver/Src/stm32f4xx_hal_i2c_ex.o" --specs=nano.specs -mfpu=fpv4-sp-d16 -mfloat-abi=hard -mthumb -o "Drivers/STM32F4xx_HAL_Driver/Src/stm32f4xx_hal_i2c_ex.o"
arm-none-eabi-gcc "../Drivers/STM32F4xx_HAL_Driver/Src/stm32f4xx_hal_pwr.c" -mcpu=cortex-m4 -std=gnu11 -g3 -DDEBUG -DUSE_HAL_DRIVER -DSTM32F446xx -c -I../Core/Inc -I../Drivers/STM32F4xx_HAL_Driver/Inc -I../Drivers/STM32F4xx_HAL_Driver/Inc/Legacy -I../Drivers/CMSIS/Device/ST/STM32F4xx/Include -I../Drivers/CMSIS/Include -O0 -ffunction-sections -fdata-sections -Wall -fstack-usage -fcyclomatic-complexity -MMD -MP -MF"Drivers/STM32F4xx_HAL_Driver/Src/stm32f4xx_hal_pwr.d" -MT"Drivers/STM32F4xx_HAL_Driver/Src/stm32f4xx_hal_pwr.o" --specs=nano.specs -mfpu=fpv4-sp-d16 -mfloat-abi=hard -mthumb -o "Drivers/STM32F4xx_HAL_Driver/Src/stm32f4xx_hal_pwr.o"
arm-none-eabi-gcc "../Drivers/STM32F4xx_HAL_Driver/Src/stm32f4xx_hal_pwr_ex.c" -mcpu=cortex-m4 -std=gnu11 -g3 -DDEBUG -DUSE_HAL_DRIVER -DSTM32F446xx -c -I../Core/Inc -I../Drivers/STM32F4xx_HAL_Driver/Inc -I../Drivers/STM32F4xx_HAL_Driver/Inc/Legacy -I../Drivers/CMSIS/Device/ST/STM32F4xx/Include -I../Drivers/CMSIS/Include -O0 -ffunction-sections -fdata-sections -Wall -fstack-usage -fcyclomatic-complexity -MMD -MP -MF"Drivers/STM32F4xx_HAL_Driver/Src/stm32f4xx_hal_pwr_ex.d" -MT"Drivers/STM32F4xx_HAL_Driver/Src/stm32f4xx_hal_pwr_ex.o" --specs=nano.specs -mfpu=fpv4-sp-d16 -mfloat-abi=hard -mthumb -o "Drivers/STM32F4xx_HAL_Driver/Src/stm32f4xx_hal_pwr_ex.o"
arm-none-eabi-gcc "../Drivers/STM32F4xx_HAL_Driver/Src/stm32f4xx_hal_rcc.c" -mcpu=cortex-m4 -std=gnu11 -g3 -DDEBUG -DUSE_HAL_DRIVER -DSTM32F446xx -c -I../Core/Inc -I../Drivers/STM32F4xx_HAL_Driver/Inc -I../Drivers/STM32F4xx_HAL_Driver/Inc/Legacy -I../Drivers/CMSIS/Device/ST/STM32F4xx/Include -I../Drivers/CMSIS/Include -O0 -ffunction-sections -fdata-sections -Wall -fstack-usage -fcyclomatic-complexity -MMD -MP -MF"Drivers/STM32F4xx_HAL_Driver/Src/stm32f4xx_hal_rcc.d" -MT"Drivers/STM32F4xx_HAL_Driver/Src/stm32f4xx_hal_rcc.o" --specs=nano.specs -mfpu=fpv4-sp-d16 -mfloat-abi=hard -mthumb -o "Drivers/STM32F4xx_HAL_Driver/Src/stm32f4xx_hal_rcc.o"
arm-none-eabi-gcc "../Drivers/STM32F4xx_HAL_Driver/Src/stm32f4xx_hal_rcc_ex.c" -mcpu=cortex-m4 -std=gnu11 -g3 -DDEBUG -DUSE_HAL_DRIVER -DSTM32F446xx -c -I../Core/Inc -I../Drivers/STM32F4xx_HAL_Driver/Inc -I../Drivers/STM32F4xx_HAL_Driver/Inc/Legacy -I../Drivers/CMSIS/Device/ST/STM32F4xx/Include -I../Drivers/CMSIS/Include -O0 -ffunction-sections -fdata-sections -Wall -fstack-usage -fcyclomatic-complexity -MMD -MP -MF"Drivers/STM32F4xx_HAL_Driver/Src/stm32f4xx_hal_rcc_ex.d" -MT"Drivers/STM32F4xx_HAL_Driver/Src/stm32f4xx_hal_rcc_ex.o" --specs=nano.specs -mfpu=fpv4-sp-d16 -mfloat-abi=hard -mthumb -o "Drivers/STM32F4xx_HAL_Driver/Src/stm32f4xx_hal_rcc_ex.o"
arm-none-eabi-gcc "../Drivers/STM32F4xx_HAL_Driver/Src/stm32f4xx_hal_tim.c" -mcpu=cortex-m4 -std=gnu11 -g3 -DDEBUG -DUSE_HAL_DRIVER -DSTM32F446xx -c -I../Core/Inc -I../Drivers/STM32F4xx_HAL_Driver/Inc -I../Drivers/STM32F4xx_HAL_Driver/Inc/Legacy -I../Drivers/CMSIS/Device/ST/STM32F4xx/Include -I../Drivers/CMSIS/Include -O0 -ffunction-sections -fdata-sections -Wall -fstack-usage -fcyclomatic-complexity -MMD -MP -MF"Drivers/STM32F4xx_HAL_Driver/Src/stm32f4xx_hal_tim.d" -MT"Drivers/STM32F4xx_HAL_Driver/Src/stm32f4xx_hal_tim.o" --specs=nano.specs -mfpu=fpv4-sp-d16 -mfloat-abi=hard -mthumb -o "Drivers/STM32F4xx_HAL_Driver/Src/stm32f4xx_hal_tim.o"
arm-none-eabi-gcc "../Drivers/STM32F4xx_HAL_Driver/Src/stm32f4xx_hal_tim_ex.c" -mcpu=cortex-m4 -std=gnu11 -g3 -DDEBUG -DUSE_HAL_DRIVER -DSTM32F446xx -c -I../Core/Inc -I../Drivers/STM32F4xx_HAL_Driver/Inc -I../Drivers/STM32F4xx_HAL_Driver/Inc/Legacy -I../Drivers/CMSIS/Device/ST/STM32F4xx/Include -I../Drivers/CMSIS/Include -O0 -ffunction-sections -fdata-sections -Wall -fstack-usage -fcyclomatic-complexity -MMD -MP -MF"Drivers/STM32F4xx_HAL_Driver/Src/stm32f4xx_hal_tim_ex.d" -MT"Drivers/STM32F4xx_HAL_Driver/Src/stm32f4xx_hal_tim_ex.o" --specs=nano.specs -mfpu=fpv4-sp-d16 -mfloat-abi=hard -mthumb -o "Drivers/STM32F4xx_HAL_Driver/Src/stm32f4xx_hal_tim_ex.o"
arm-none-eabi-gcc "../Drivers/STM32F4xx_HAL_Driver/Src/stm32f4xx_hal_uart.c" -mcpu=cortex-m4 -std=gnu11 -g3 -DDEBUG -DUSE_HAL_DRIVER -DSTM32F446xx -c -I../Core/Inc -I../Drivers/STM32F4xx_HAL_Driver/Inc -I../Drivers/STM32F4xx_HAL_Driver/Inc/Legacy -I../Drivers/CMSIS/Device/ST/STM32F4xx/Include -I../Drivers/CMSIS/Include -O0 -ffunction-sections -fdata-sections -Wall -fstack-usage -fcyclomatic-complexity -MMD -MP -MF"Drivers/STM32F4xx_HAL_Driver/Src/stm32f4xx_hal_uart.d" -MT"Drivers/STM32F4xx_HAL_Driver/Src/stm32f4xx_hal_uart.o" --specs=nano.specs -mfpu=fpv4-sp-d16 -mfloat-abi=hard -mthumb -o "Drivers/STM32F4xx_HAL_Driver/Src/stm32f4xx_hal_uart.o"
arm-none-eabi-gcc -mcpu=cortex-m4 -g3 -DDEBUG -c -x assembler-with-cpp -MMD -MP -MF"Core/Startup/startup_stm32f446retx.d" -MT"Core/Startup/startup_stm32f446retx.o" --specs=nano.specs -mfpu=fpv4-sp-d16 -mfloat-abi=hard -mthumb -o "Core/Startup/startup_stm32f446retx.o" "../Core/Startup/startup_stm32f446retx.s"
arm-none-eabi-gcc "../Core/Src/main.c" -mcpu=cortex-m4 -std=gnu11 -g3 -DDEBUG -DUSE_HAL_DRIVER -DSTM32F446xx -c -I../Core/Inc -I../Drivers/STM32F4xx_HAL_Driver/Inc -I../Drivers/STM32F4xx_HAL_Driver/Inc/Legacy -I../Drivers/CMSIS/Device/ST/STM32F4xx/Include -I../Drivers/CMSIS/Include -O0 -ffunction-sections -fdata-sections -Wall -fstack-usage -fcyclomatic-complexity -MMD -MP -MF"Core/Src/main.d" -MT"Core/Src/main.o" --specs=nano.specs -mfpu=fpv4-sp-d16 -mfloat-abi=hard -mthumb -o "Core/Src/main.o"
arm-none-eabi-gcc "../Core/Src/stm32f4xx_hal_msp.c" -mcpu=cortex-m4 -std=gnu11 -g3 -DDEBUG -DUSE_HAL_DRIVER -DSTM32F446xx -c -I../Core/Inc -I../Drivers/STM32F4xx_HAL_Driver/Inc -I../Drivers/STM32F4xx_HAL_Driver/Inc/Legacy -I../Drivers/CMSIS/Device/ST/STM32F4xx/Include -I../Drivers/CMSIS/Include -O0 -ffunction-sections -fdata-sections -Wall -fstack-usage -fcyclomatic-complexity -MMD -MP -MF"Core/Src/stm32f4xx_hal_msp.d" -MT"Core/Src/stm32f4xx_hal_msp.o" --specs=nano.specs -mfpu=fpv4-sp-d16 -mfloat-abi=hard -mthumb -o "Core/Src/stm32f4xx_hal_msp.o"
arm-none-eabi-gcc "../Core/Src/stm32f4xx_it.c" -mcpu=cortex-m4 -std=gnu11 -g3 -DDEBUG -DUSE_HAL_DRIVER -DSTM32F446xx -c -I../Core/Inc -I../Drivers/STM32F4xx_HAL_Driver/Inc -I../Drivers/STM32F4xx_HAL_Driver/Inc/Legacy -I../Drivers/CMSIS/Device/ST/STM32F4xx/Include -I../Drivers/CMSIS/Include -O0 -ffunction-sections -fdata-sections -Wall -fstack-usage -fcyclomatic-complexity -MMD -MP -MF"Core/Src/stm32f4xx_it.d" -MT"Core/Src/stm32f4xx_it.o" --specs=nano.specs -mfpu=fpv4-sp-d16 -mfloat-abi=hard -mthumb -o "Core/Src/stm32f4xx_it.o"
arm-none-eabi-gcc "../Core/Src/syscalls.c" -mcpu=cortex-m4 -std=gnu11 -g3 -DDEBUG -DUSE_HAL_DRIVER -DSTM32F446xx -c -I../Core/Inc -I../Drivers/STM32F4xx_HAL_Driver/Inc -I../Drivers/STM32F4xx_HAL_Driver/Inc/Legacy -I../Drivers/CMSIS/Device/ST/STM32F4xx/Include -I../Drivers/CMSIS/Include -O0 -ffunction-sections -fdata-sections -Wall -fstack-usage -fcyclomatic-complexity -MMD -MP -MF"Core/Src/syscalls.d" -MT"Core/Src/syscalls.o" --specs=nano.specs -mfpu=fpv4-sp-d16 -mfloat-abi=hard -mthumb -o "Core/Src/syscalls.o"
arm-none-eabi-gcc "../Core/Src/sysmem.c" -mcpu=cortex-m4 -std=gnu11 -g3 -DDEBUG -DUSE_HAL_DRIVER -DSTM32F446xx -c -I../Core/Inc -I../Drivers/STM32F4xx_HAL_Driver/Inc -I../Drivers/STM32F4xx_HAL_Driver/Inc/Legacy -I../Drivers/CMSIS/Device/ST/STM32F4xx/Include -I../Drivers/CMSIS/Include -O0 -ffunction-sections -fdata-sections -Wall -fstack-usage -fcyclomatic-complexity -MMD -MP -MF"Core/Src/sysmem.d" -MT"Core/Src/sysmem.o" --specs=nano.specs -mfpu=fpv4-sp-d16 -mfloat-abi=hard -mthumb -o "Core/Src/sysmem.o"
arm-none-eabi-gcc "../Core/Src/system_stm32f4xx.c" -mcpu=cortex-m4 -std=gnu11 -g3 -DDEBUG -DUSE_HAL_DRIVER -DSTM32F446xx -c -I../Core/Inc -I../Drivers/STM32F4xx_HAL_Driver/Inc -I../Drivers/STM32F4xx_HAL_Driver/Inc/Legacy -I../Drivers/CMSIS/Device/ST/STM32F4xx/Include -I../Drivers/CMSIS/Include -O0 -ffunction-sections -fdata-sections -Wall -fstack-usage -fcyclomatic-complexity -MMD -MP -MF"Core/Src/system_stm32f4xx.d" -MT"Core/Src/system_stm32f4xx.o" --specs=nano.specs -mfpu=fpv4-sp-d16 -mfloat-abi=hard -mthumb -o "Core/Src/system_stm32f4xx.o"
../Core/Src/main.c: In function 'main':
../Core/Src/main.c:105:4: warning: implicit declaration of function 'strcpy' [-Wimplicit-function-declaration]
  105 |    strcpy((char*)buf,"Ola!\r\n");// strcpy: dest is a string. The dest is a string, but our buf is uint8_t we need to cast to char*
      |    ^~~~~~
../Core/Src/main.c:105:4: warning: incompatible implicit declaration of built-in function 'strcpy'
../Core/Src/main.c:21:1: note: include '<string.h>' or provide a declaration of 'strcpy'
   20 | #include "main.h"
  +++ |+#include <string.h>
   21 | 
../Core/Src/main.c:115:34: warning: implicit declaration of function 'strlen' [-Wimplicit-function-declaration]
  115 |    HAL_UART_Transmit(&huart2,buf,strlen((char*)buf),HAL_MAX_DELAY);
      |                                  ^~~~~~
../Core/Src/main.c:115:34: warning: incompatible implicit declaration of built-in function 'strlen'
../Core/Src/main.c:115:34: note: include '<string.h>' or provide a declaration of 'strlen'
arm-none-eabi-gcc -o "Experi_I2C.elf" @"objects.list"   -mcpu=cortex-m4 -T"C:\Users\JF\3D Objects\STM_32_I2C\Experi_I2C\STM32F446RETX_FLASH.ld" --specs=nosys.specs -Wl,-Map="Experi_I2C.map" -Wl,--gc-sections -static --specs=nano.specs -mfpu=fpv4-sp-d16 -mfloat-abi=hard -mthumb -Wl,--start-group -lc -lm -Wl,--end-group
Finished building target: Experi_I2C.elf
 
arm-none-eabi-size   Experi_I2C.elf 
arm-none-eabi-objdump -h -S  Experi_I2C.elf  > "Experi_I2C.list"
   text	   data	    bss	    dec	    hex	filename
   9960	     20	   1724	  11704	   2db8	Experi_I2C.elf
Finished building: default.size.stdout
 
Finished building: Experi_I2C.list
 
19:00:42 **** Incremental Build of configuration Debug for project Experi_I2C ****
make -j16 all 
arm-none-eabi-gcc "../Core/Src/main.c" -mcpu=cortex-m4 -std=gnu11 -g3 -DDEBUG -DUSE_HAL_DRIVER -DSTM32F446xx -c -I../Core/Inc -I../Drivers/STM32F4xx_HAL_Driver/Inc -I../Drivers/STM32F4xx_HAL_Driver/Inc/Legacy -I../Drivers/CMSIS/Device/ST/STM32F4xx/Include -I../Drivers/CMSIS/Include -O0 -ffunction-sections -fdata-sections -Wall -fstack-usage -fcyclomatic-complexity -MMD -MP -MF"Core/Src/main.d" -MT"Core/Src/main.o" --specs=nano.specs -mfpu=fpv4-sp-d16 -mfloat-abi=hard -mthumb -o "Core/Src/main.o"
arm-none-eabi-gcc -o "Experi_I2C.elf" @"objects.list"   -mcpu=cortex-m4 -T"C:\Users\JF\3D Objects\STM_32_I2C\Experi_I2C\STM32F446RETX_FLASH.ld" --specs=nosys.specs -Wl,-Map="Experi_I2C.map" -Wl,--gc-sections -static --specs=nano.specs -mfpu=fpv4-sp-d16 -mfloat-abi=hard -mthumb -Wl,--start-group -lc -lm -Wl,--end-group
Finished building target: Experi_I2C.elf
 
arm-none-eabi-size   Experi_I2C.elf 
arm-none-eabi-objdump -h -S  Experi_I2C.elf  > "Experi_I2C.list"
   text	   data	    bss	    dec	    hex	filename
   9960	     20	   1724	  11704	   2db8	Experi_I2C.elf
Finished building: default.size.stdout
 
Finished building: Experi_I2C.list
 
19:01:14 **** Incremental Build of configuration Debug for project Experi_I2C ****
make -j16 all 
arm-none-eabi-size   Experi_I2C.elf 
   text	   data	    bss	    dec	    hex	filename
   9960	     20	   1724	  11704	   2db8	Experi_I2C.elf
Finished building: default.size.stdout
 
09:38:30 **** Build of configuration Debug for project Experi_I2C ****
make -j16 all 
arm-none-eabi-gcc "../Core/Src/main.c" -mcpu=cortex-m4 -std=gnu11 -g3 -DDEBUG -DUSE_HAL_DRIVER -DSTM32F446xx -c -I../Core/Inc -I../Drivers/STM32F4xx_HAL_Driver/Inc -I../Drivers/STM32F4xx_HAL_Driver/Inc/Legacy -I../Drivers/CMSIS/Device/ST/STM32F4xx/Include -I../Drivers/CMSIS/Include -O0 -ffunction-sections -fdata-sections -Wall -fstack-usage -fcyclomatic-complexity -MMD -MP -MF"Core/Src/main.d" -MT"Core/Src/main.o" --specs=nano.specs -mfpu=fpv4-sp-d16 -mfloat-abi=hard -mthumb -o "Core/Src/main.o"
../Core/Src/main.c: In function 'main':
../Core/Src/main.c:114:6: warning: implicit declaration of function 'sprintf' [-Wimplicit-function-declaration]
  114 |      sprintf((char*)buf,val);
      |      ^~~~~~~
../Core/Src/main.c:114:6: warning: incompatible implicit declaration of built-in function 'sprintf'
../Core/Src/main.c:23:1: note: include '<stdio.h>' or provide a declaration of 'sprintf'
   22 | #include <string.h>
  +++ |+#include <stdio.h>
   23 | 
../Core/Src/main.c:114:25: warning: passing argument 2 of 'sprintf' makes pointer from integer without a cast [-Wint-conversion]
  114 |      sprintf((char*)buf,val);
      |                         ^~~
      |                         |
      |                         uint8_t {aka unsigned char}
../Core/Src/main.c:114:25: note: expected 'const char *' but argument is of type 'uint8_t' {aka 'unsigned char'}
arm-none-eabi-gcc -o "Experi_I2C.elf" @"objects.list"   -mcpu=cortex-m4 -T"C:\Users\JF\3D Objects\STM_32_I2C\Experi_I2C\STM32F446RETX_FLASH.ld" --specs=nosys.specs -Wl,-Map="Experi_I2C.map" -Wl,--gc-sections -static --specs=nano.specs -mfpu=fpv4-sp-d16 -mfloat-abi=hard -mthumb -Wl,--start-group -lc -lm -Wl,--end-group
Finished building target: Experi_I2C.elf
 
arm-none-eabi-size   Experi_I2C.elf 
arm-none-eabi-objdump -h -S  Experi_I2C.elf  > "Experi_I2C.list"
   text	   data	    bss	    dec	    hex	filename
  14256	    120	   1744	  16120	   3ef8	Experi_I2C.elf
Finished building: default.size.stdout
 
Finished building: Experi_I2C.list
 
09:38:53 **** Incremental Build of configuration Debug for project Experi_I2C ****
make -j16 all 
arm-none-eabi-gcc "../Core/Src/main.c" -mcpu=cortex-m4 -std=gnu11 -g3 -DDEBUG -DUSE_HAL_DRIVER -DSTM32F446xx -c -I../Core/Inc -I../Drivers/STM32F4xx_HAL_Driver/Inc -I../Drivers/STM32F4xx_HAL_Driver/Inc/Legacy -I../Drivers/CMSIS/Device/ST/STM32F4xx/Include -I../Drivers/CMSIS/Include -O0 -ffunction-sections -fdata-sections -Wall -fstack-usage -fcyclomatic-complexity -MMD -MP -MF"Core/Src/main.d" -MT"Core/Src/main.o" --specs=nano.specs -mfpu=fpv4-sp-d16 -mfloat-abi=hard -mthumb -o "Core/Src/main.o"
../Core/Src/main.c: In function 'main':
../Core/Src/main.c:115:25: warning: passing argument 2 of 'sprintf' makes pointer from integer without a cast [-Wint-conversion]
  115 |      sprintf((char*)buf,val);
      |                         ^~~
      |                         |
      |                         uint8_t {aka unsigned char}
In file included from ../Core/Src/main.c:23:
c:\st\stm32cubeide_1.12.1\stm32cubeide\plugins\com.st.stm32cube.ide.mcu.externaltools.gnu-tools-for-stm32.10.3-2021.10.win32_1.0.200.202301161003\tools\arm-none-eabi\include\stdio.h:244:32: note: expected 'const char * restrict' but argument is of type 'uint8_t' {aka 'unsigned char'}
  244 | int sprintf (char *__restrict, const char *__restrict, ...)
      |                                ^
arm-none-eabi-gcc -o "Experi_I2C.elf" @"objects.list"   -mcpu=cortex-m4 -T"C:\Users\JF\3D Objects\STM_32_I2C\Experi_I2C\STM32F446RETX_FLASH.ld" --specs=nosys.specs -Wl,-Map="Experi_I2C.map" -Wl,--gc-sections -static --specs=nano.specs -mfpu=fpv4-sp-d16 -mfloat-abi=hard -mthumb -Wl,--start-group -lc -lm -Wl,--end-group
Finished building target: Experi_I2C.elf
 
arm-none-eabi-size   Experi_I2C.elf 
arm-none-eabi-objdump -h -S  Experi_I2C.elf  > "Experi_I2C.list"
   text	   data	    bss	    dec	    hex	filename
  14256	    120	   1744	  16120	   3ef8	Experi_I2C.elf
Finished building: default.size.stdout
 
Finished building: Experi_I2C.list
 
09:39:28 **** Incremental Build of configuration Debug for project Experi_I2C ****
make -j16 all 
arm-none-eabi-size   Experi_I2C.elf 
   text	   data	    bss	    dec	    hex	filename
  14256	    120	   1744	  16120	   3ef8	Experi_I2C.elf
Finished building: default.size.stdout
 
09:39:33 **** Incremental Build of configuration Debug for project Experi_I2C ****
make -j16 all 
arm-none-eabi-size   Experi_I2C.elf 
   text	   data	    bss	    dec	    hex	filename
  14256	    120	   1744	  16120	   3ef8	Experi_I2C.elf
Finished building: default.size.stdout
 
11:00:15 **** Incremental Build of configuration Debug for project Experi_I2C ****
make -j16 all 
arm-none-eabi-gcc "../Core/Src/main.c" -mcpu=cortex-m4 -std=gnu11 -g3 -DDEBUG -DUSE_HAL_DRIVER -DSTM32F446xx -c -I../Core/Inc -I../Drivers/STM32F4xx_HAL_Driver/Inc -I../Drivers/STM32F4xx_HAL_Driver/Inc/Legacy -I../Drivers/CMSIS/Device/ST/STM32F4xx/Include -I../Drivers/CMSIS/Include -O0 -ffunction-sections -fdata-sections -Wall -fstack-usage -fcyclomatic-complexity -MMD -MP -MF"Core/Src/main.d" -MT"Core/Src/main.o" --specs=nano.specs -mfpu=fpv4-sp-d16 -mfloat-abi=hard -mthumb -o "Core/Src/main.o"
../Core/Src/main.c: In function 'main':
../Core/Src/main.c:75:21: warning: variable 'ret' set but not used [-Wunused-but-set-variable]
   75 |   HAL_StatusTypeDef ret;
      |                     ^~~
At top level:
../Core/Src/main.c:50:22: warning: 'arduino_addr' defined but not used [-Wunused-const-variable=]
   50 | static const uint8_t arduino_addr = 0x08;
      |                      ^~~~~~~~~~~~
arm-none-eabi-gcc -o "Experi_I2C.elf" @"objects.list"   -mcpu=cortex-m4 -T"C:\Users\JF\3D Objects\STM_32_I2C\Experi_I2C\STM32F446RETX_FLASH.ld" --specs=nosys.specs -Wl,-Map="Experi_I2C.map" -Wl,--gc-sections -static --specs=nano.specs -mfpu=fpv4-sp-d16 -mfloat-abi=hard -mthumb -Wl,--start-group -lc -lm -Wl,--end-group
Finished building target: Experi_I2C.elf
 
arm-none-eabi-size   Experi_I2C.elf 
arm-none-eabi-objdump -h -S  Experi_I2C.elf  > "Experi_I2C.list"
   text	   data	    bss	    dec	    hex	filename
  10872	     36	   1724	  12632	   3158	Experi_I2C.elf
Finished building: default.size.stdout
 
Finished building: Experi_I2C.list
 
11:00:29 **** Incremental Build of configuration Debug for project Experi_I2C ****
make -j16 all 
arm-none-eabi-size   Experi_I2C.elf 
   text	   data	    bss	    dec	    hex	filename
  10872	     36	   1724	  12632	   3158	Experi_I2C.elf
Finished building: default.size.stdout
 
11:01:46 **** Incremental Build of configuration Debug for project Experi_I2C ****
make -j16 all 
arm-none-eabi-gcc "../Core/Src/main.c" -mcpu=cortex-m4 -std=gnu11 -g3 -DDEBUG -DUSE_HAL_DRIVER -DSTM32F446xx -c -I../Core/Inc -I../Drivers/STM32F4xx_HAL_Driver/Inc -I../Drivers/STM32F4xx_HAL_Driver/Inc/Legacy -I../Drivers/CMSIS/Device/ST/STM32F4xx/Include -I../Drivers/CMSIS/Include -O0 -ffunction-sections -fdata-sections -Wall -fstack-usage -fcyclomatic-complexity -MMD -MP -MF"Core/Src/main.d" -MT"Core/Src/main.o" --specs=nano.specs -mfpu=fpv4-sp-d16 -mfloat-abi=hard -mthumb -o "Core/Src/main.o"
../Core/Src/main.c: In function 'main':
../Core/Src/main.c:75:21: warning: variable 'ret' set but not used [-Wunused-but-set-variable]
   75 |   HAL_StatusTypeDef ret;
      |                     ^~~
At top level:
../Core/Src/main.c:50:22: warning: 'arduino_addr' defined but not used [-Wunused-const-variable=]
   50 | static const uint8_t arduino_addr = 0x08;
      |                      ^~~~~~~~~~~~
arm-none-eabi-gcc -o "Experi_I2C.elf" @"objects.list"   -mcpu=cortex-m4 -T"C:\Users\JF\3D Objects\STM_32_I2C\Experi_I2C\STM32F446RETX_FLASH.ld" --specs=nosys.specs -Wl,-Map="Experi_I2C.map" -Wl,--gc-sections -static --specs=nano.specs -mfpu=fpv4-sp-d16 -mfloat-abi=hard -mthumb -Wl,--start-group -lc -lm -Wl,--end-group
Finished building target: Experi_I2C.elf
 
arm-none-eabi-size   Experi_I2C.elf 
arm-none-eabi-objdump -h -S  Experi_I2C.elf  > "Experi_I2C.list"
   text	   data	    bss	    dec	    hex	filename
  10952	     36	   1724	  12712	   31a8	Experi_I2C.elf
Finished building: default.size.stdout
 
Finished building: Experi_I2C.list
 
11:01:50 **** Incremental Build of configuration Debug for project Experi_I2C ****
make -j16 all 
arm-none-eabi-size   Experi_I2C.elf 
   text	   data	    bss	    dec	    hex	filename
  10952	     36	   1724	  12712	   31a8	Experi_I2C.elf
Finished building: default.size.stdout
 
11:07:10 **** Incremental Build of configuration Debug for project Experi_I2C ****
make -j16 all 
arm-none-eabi-size   Experi_I2C.elf 
   text	   data	    bss	    dec	    hex	filename
  10952	     36	   1724	  12712	   31a8	Experi_I2C.elf
Finished building: default.size.stdout
 
11:09:27 **** Incremental Build of configuration Debug for project Experi_I2C ****
make -j16 all 
arm-none-eabi-gcc "../Core/Src/main.c" -mcpu=cortex-m4 -std=gnu11 -g3 -DDEBUG -DUSE_HAL_DRIVER -DSTM32F446xx -c -I../Core/Inc -I../Drivers/STM32F4xx_HAL_Driver/Inc -I../Drivers/STM32F4xx_HAL_Driver/Inc/Legacy -I../Drivers/CMSIS/Device/ST/STM32F4xx/Include -I../Drivers/CMSIS/Include -O0 -ffunction-sections -fdata-sections -Wall -fstack-usage -fcyclomatic-complexity -MMD -MP -MF"Core/Src/main.d" -MT"Core/Src/main.o" --specs=nano.specs -mfpu=fpv4-sp-d16 -mfloat-abi=hard -mthumb -o "Core/Src/main.o"
../Core/Src/main.c: In function 'main':
../Core/Src/main.c:75:21: warning: variable 'ret' set but not used [-Wunused-but-set-variable]
   75 |   HAL_StatusTypeDef ret;
      |                     ^~~
arm-none-eabi-gcc -o "Experi_I2C.elf" @"objects.list"   -mcpu=cortex-m4 -T"C:\Users\JF\3D Objects\STM_32_I2C\Experi_I2C\STM32F446RETX_FLASH.ld" --specs=nosys.specs -Wl,-Map="Experi_I2C.map" -Wl,--gc-sections -static --specs=nano.specs -mfpu=fpv4-sp-d16 -mfloat-abi=hard -mthumb -Wl,--start-group -lc -lm -Wl,--end-group
Finished building target: Experi_I2C.elf
 
arm-none-eabi-size   Experi_I2C.elf 
arm-none-eabi-objdump -h -S  Experi_I2C.elf  > "Experi_I2C.list"
   text	   data	    bss	    dec	    hex	filename
  10952	     36	   1724	  12712	   31a8	Experi_I2C.elf
Finished building: default.size.stdout
 
Finished building: Experi_I2C.list
 
11:09:40 **** Incremental Build of configuration Debug for project Experi_I2C ****
make -j16 all 
arm-none-eabi-gcc "../Core/Src/main.c" -mcpu=cortex-m4 -std=gnu11 -g3 -DDEBUG -DUSE_HAL_DRIVER -DSTM32F446xx -c -I../Core/Inc -I../Drivers/STM32F4xx_HAL_Driver/Inc -I../Drivers/STM32F4xx_HAL_Driver/Inc/Legacy -I../Drivers/CMSIS/Device/ST/STM32F4xx/Include -I../Drivers/CMSIS/Include -O0 -ffunction-sections -fdata-sections -Wall -fstack-usage -fcyclomatic-complexity -MMD -MP -MF"Core/Src/main.d" -MT"Core/Src/main.o" --specs=nano.specs -mfpu=fpv4-sp-d16 -mfloat-abi=hard -mthumb -o "Core/Src/main.o"
arm-none-eabi-gcc -o "Experi_I2C.elf" @"objects.list"   -mcpu=cortex-m4 -T"C:\Users\JF\3D Objects\STM_32_I2C\Experi_I2C\STM32F446RETX_FLASH.ld" --specs=nosys.specs -Wl,-Map="Experi_I2C.map" -Wl,--gc-sections -static --specs=nano.specs -mfpu=fpv4-sp-d16 -mfloat-abi=hard -mthumb -Wl,--start-group -lc -lm -Wl,--end-group
Finished building target: Experi_I2C.elf
 
arm-none-eabi-size   Experi_I2C.elf 
arm-none-eabi-objdump -h -S  Experi_I2C.elf  > "Experi_I2C.list"
   text	   data	    bss	    dec	    hex	filename
  10960	     36	   1724	  12720	   31b0	Experi_I2C.elf
Finished building: default.size.stdout
 
Finished building: Experi_I2C.list
 
11:09:43 **** Incremental Build of configuration Debug for project Experi_I2C ****
make -j16 all 
arm-none-eabi-size   Experi_I2C.elf 
   text	   data	    bss	    dec	    hex	filename
  10960	     36	   1724	  12720	   31b0	Experi_I2C.elf
Finished building: default.size.stdout
 
11:09:59 **** Incremental Build of configuration Debug for project Experi_I2C ****
make -j16 all 
arm-none-eabi-size   Experi_I2C.elf 
   text	   data	    bss	    dec	    hex	filename
  10960	     36	   1724	  12720	   31b0	Experi_I2C.elf
Finished building: default.size.stdout
 
11:20:03 **** Incremental Build of configuration Debug for project Experi_I2C ****
make -j16 all 
arm-none-eabi-size   Experi_I2C.elf 
   text	   data	    bss	    dec	    hex	filename
  10960	     36	   1724	  12720	   31b0	Experi_I2C.elf
Finished building: default.size.stdout
 
11:20:51 **** Incremental Build of configuration Debug for project Experi_I2C ****
make -j16 all 
arm-none-eabi-gcc "../Core/Src/main.c" -mcpu=cortex-m4 -std=gnu11 -g3 -DDEBUG -DUSE_HAL_DRIVER -DSTM32F446xx -c -I../Core/Inc -I../Drivers/STM32F4xx_HAL_Driver/Inc -I../Drivers/STM32F4xx_HAL_Driver/Inc/Legacy -I../Drivers/CMSIS/Device/ST/STM32F4xx/Include -I../Drivers/CMSIS/Include -O0 -ffunction-sections -fdata-sections -Wall -fstack-usage -fcyclomatic-complexity -MMD -MP -MF"Core/Src/main.d" -MT"Core/Src/main.o" --specs=nano.specs -mfpu=fpv4-sp-d16 -mfloat-abi=hard -mthumb -o "Core/Src/main.o"
arm-none-eabi-gcc -o "Experi_I2C.elf" @"objects.list"   -mcpu=cortex-m4 -T"C:\Users\JF\3D Objects\STM_32_I2C\Experi_I2C\STM32F446RETX_FLASH.ld" --specs=nosys.specs -Wl,-Map="Experi_I2C.map" -Wl,--gc-sections -static --specs=nano.specs -mfpu=fpv4-sp-d16 -mfloat-abi=hard -mthumb -Wl,--start-group -lc -lm -Wl,--end-group
Finished building target: Experi_I2C.elf
 
arm-none-eabi-size   Experi_I2C.elf 
arm-none-eabi-objdump -h -S  Experi_I2C.elf  > "Experi_I2C.list"
   text	   data	    bss	    dec	    hex	filename
  10960	     36	   1724	  12720	   31b0	Experi_I2C.elf
Finished building: default.size.stdout
 
Finished building: Experi_I2C.list
 
11:21:01 **** Incremental Build of configuration Debug for project Experi_I2C ****
make -j16 all 
arm-none-eabi-size   Experi_I2C.elf 
   text	   data	    bss	    dec	    hex	filename
  10960	     36	   1724	  12720	   31b0	Experi_I2C.elf
Finished building: default.size.stdout
 
11:21:38 **** Incremental Build of configuration Debug for project Experi_I2C ****
make -j16 all 
arm-none-eabi-size   Experi_I2C.elf 
   text	   data	    bss	    dec	    hex	filename
  10960	     36	   1724	  12720	   31b0	Experi_I2C.elf
Finished building: default.size.stdout
 
11:22:10 **** Incremental Build of configuration Debug for project Experi_I2C ****
make -j16 all 
arm-none-eabi-gcc "../Core/Src/main.c" -mcpu=cortex-m4 -std=gnu11 -g3 -DDEBUG -DUSE_HAL_DRIVER -DSTM32F446xx -c -I../Core/Inc -I../Drivers/STM32F4xx_HAL_Driver/Inc -I../Drivers/STM32F4xx_HAL_Driver/Inc/Legacy -I../Drivers/CMSIS/Device/ST/STM32F4xx/Include -I../Drivers/CMSIS/Include -O0 -ffunction-sections -fdata-sections -Wall -fstack-usage -fcyclomatic-complexity -MMD -MP -MF"Core/Src/main.d" -MT"Core/Src/main.o" --specs=nano.specs -mfpu=fpv4-sp-d16 -mfloat-abi=hard -mthumb -o "Core/Src/main.o"
arm-none-eabi-gcc -o "Experi_I2C.elf" @"objects.list"   -mcpu=cortex-m4 -T"C:\Users\JF\3D Objects\STM_32_I2C\Experi_I2C\STM32F446RETX_FLASH.ld" --specs=nosys.specs -Wl,-Map="Experi_I2C.map" -Wl,--gc-sections -static --specs=nano.specs -mfpu=fpv4-sp-d16 -mfloat-abi=hard -mthumb -Wl,--start-group -lc -lm -Wl,--end-group
Finished building target: Experi_I2C.elf
 
arm-none-eabi-size   Experi_I2C.elf 
arm-none-eabi-objdump -h -S  Experi_I2C.elf  > "Experi_I2C.list"
   text	   data	    bss	    dec	    hex	filename
  10960	     36	   1724	  12720	   31b0	Experi_I2C.elf
Finished building: default.size.stdout
 
Finished building: Experi_I2C.list
 
11:22:14 **** Incremental Build of configuration Debug for project Experi_I2C ****
make -j16 all 
arm-none-eabi-size   Experi_I2C.elf 
   text	   data	    bss	    dec	    hex	filename
  10960	     36	   1724	  12720	   31b0	Experi_I2C.elf
Finished building: default.size.stdout
 
11:31:35 **** Incremental Build of configuration Debug for project Experi_I2C ****
make -j16 all 
arm-none-eabi-size   Experi_I2C.elf 
   text	   data	    bss	    dec	    hex	filename
  10960	     36	   1724	  12720	   31b0	Experi_I2C.elf
Finished building: default.size.stdout
 
11:31:46 **** Incremental Build of configuration Debug for project Experi_I2C ****
make -j16 all 
arm-none-eabi-size   Experi_I2C.elf 
   text	   data	    bss	    dec	    hex	filename
  10960	     36	   1724	  12720	   31b0	Experi_I2C.elf
Finished building: default.size.stdout
 
11:38:15 **** Incremental Build of configuration Debug for project Experi_I2C ****
make -j16 all 
arm-none-eabi-gcc "../Core/Src/main.c" -mcpu=cortex-m4 -std=gnu11 -g3 -DDEBUG -DUSE_HAL_DRIVER -DSTM32F446xx -c -I../Core/Inc -I../Drivers/STM32F4xx_HAL_Driver/Inc -I../Drivers/STM32F4xx_HAL_Driver/Inc/Legacy -I../Drivers/CMSIS/Device/ST/STM32F4xx/Include -I../Drivers/CMSIS/Include -O0 -ffunction-sections -fdata-sections -Wall -fstack-usage -fcyclomatic-complexity -MMD -MP -MF"Core/Src/main.d" -MT"Core/Src/main.o" --specs=nano.specs -mfpu=fpv4-sp-d16 -mfloat-abi=hard -mthumb -o "Core/Src/main.o"
arm-none-eabi-gcc -o "Experi_I2C.elf" @"objects.list"   -mcpu=cortex-m4 -T"C:\Users\JF\3D Objects\STM_32_I2C\Experi_I2C\STM32F446RETX_FLASH.ld" --specs=nosys.specs -Wl,-Map="Experi_I2C.map" -Wl,--gc-sections -static --specs=nano.specs -mfpu=fpv4-sp-d16 -mfloat-abi=hard -mthumb -Wl,--start-group -lc -lm -Wl,--end-group
Finished building target: Experi_I2C.elf
 
arm-none-eabi-size   Experi_I2C.elf 
arm-none-eabi-objdump -h -S  Experi_I2C.elf  > "Experi_I2C.list"
   text	   data	    bss	    dec	    hex	filename
  10960	     36	   1724	  12720	   31b0	Experi_I2C.elf
Finished building: default.size.stdout
 
Finished building: Experi_I2C.list
 
11:38:20 **** Incremental Build of configuration Debug for project Experi_I2C ****
make -j16 all 
arm-none-eabi-size   Experi_I2C.elf 
   text	   data	    bss	    dec	    hex	filename
  10960	     36	   1724	  12720	   31b0	Experi_I2C.elf
Finished building: default.size.stdout
 
11:38:32 **** Incremental Build of configuration Debug for project Experi_I2C ****
make -j16 all 
arm-none-eabi-size   Experi_I2C.elf 
   text	   data	    bss	    dec	    hex	filename
  10960	     36	   1724	  12720	   31b0	Experi_I2C.elf
Finished building: default.size.stdout
 
11:39:08 **** Incremental Build of configuration Debug for project Experi_I2C ****
make -j16 all 
arm-none-eabi-gcc "../Core/Src/main.c" -mcpu=cortex-m4 -std=gnu11 -g3 -DDEBUG -DUSE_HAL_DRIVER -DSTM32F446xx -c -I../Core/Inc -I../Drivers/STM32F4xx_HAL_Driver/Inc -I../Drivers/STM32F4xx_HAL_Driver/Inc/Legacy -I../Drivers/CMSIS/Device/ST/STM32F4xx/Include -I../Drivers/CMSIS/Include -O0 -ffunction-sections -fdata-sections -Wall -fstack-usage -fcyclomatic-complexity -MMD -MP -MF"Core/Src/main.d" -MT"Core/Src/main.o" --specs=nano.specs -mfpu=fpv4-sp-d16 -mfloat-abi=hard -mthumb -o "Core/Src/main.o"
arm-none-eabi-gcc -o "Experi_I2C.elf" @"objects.list"   -mcpu=cortex-m4 -T"C:\Users\JF\3D Objects\STM_32_I2C\Experi_I2C\STM32F446RETX_FLASH.ld" --specs=nosys.specs -Wl,-Map="Experi_I2C.map" -Wl,--gc-sections -static --specs=nano.specs -mfpu=fpv4-sp-d16 -mfloat-abi=hard -mthumb -Wl,--start-group -lc -lm -Wl,--end-group
Finished building target: Experi_I2C.elf
 
arm-none-eabi-size   Experi_I2C.elf 
arm-none-eabi-objdump -h -S  Experi_I2C.elf  > "Experi_I2C.list"
   text	   data	    bss	    dec	    hex	filename
  10960	     36	   1724	  12720	   31b0	Experi_I2C.elf
Finished building: default.size.stdout
 
Finished building: Experi_I2C.list
 
11:39:12 **** Incremental Build of configuration Debug for project Experi_I2C ****
make -j16 all 
arm-none-eabi-size   Experi_I2C.elf 
   text	   data	    bss	    dec	    hex	filename
  10960	     36	   1724	  12720	   31b0	Experi_I2C.elf
Finished building: default.size.stdout
 
11:42:07 **** Incremental Build of configuration Debug for project Experi_I2C ****
make -j16 all 
arm-none-eabi-gcc "../Core/Src/main.c" -mcpu=cortex-m4 -std=gnu11 -g3 -DDEBUG -DUSE_HAL_DRIVER -DSTM32F446xx -c -I../Core/Inc -I../Drivers/STM32F4xx_HAL_Driver/Inc -I../Drivers/STM32F4xx_HAL_Driver/Inc/Legacy -I../Drivers/CMSIS/Device/ST/STM32F4xx/Include -I../Drivers/CMSIS/Include -O0 -ffunction-sections -fdata-sections -Wall -fstack-usage -fcyclomatic-complexity -MMD -MP -MF"Core/Src/main.d" -MT"Core/Src/main.o" --specs=nano.specs -mfpu=fpv4-sp-d16 -mfloat-abi=hard -mthumb -o "Core/Src/main.o"
arm-none-eabi-gcc -o "Experi_I2C.elf" @"objects.list"   -mcpu=cortex-m4 -T"C:\Users\JF\3D Objects\STM_32_I2C\Experi_I2C\STM32F446RETX_FLASH.ld" --specs=nosys.specs -Wl,-Map="Experi_I2C.map" -Wl,--gc-sections -static --specs=nano.specs -mfpu=fpv4-sp-d16 -mfloat-abi=hard -mthumb -Wl,--start-group -lc -lm -Wl,--end-group
Finished building target: Experi_I2C.elf
 
arm-none-eabi-size   Experi_I2C.elf 
arm-none-eabi-objdump -h -S  Experi_I2C.elf  > "Experi_I2C.list"
   text	   data	    bss	    dec	    hex	filename
  10960	     36	   1724	  12720	   31b0	Experi_I2C.elf
Finished building: default.size.stdout
 
Finished building: Experi_I2C.list
 
11:42:13 **** Incremental Build of configuration Debug for project Experi_I2C ****
make -j16 all 
arm-none-eabi-size   Experi_I2C.elf 
   text	   data	    bss	    dec	    hex	filename
  10960	     36	   1724	  12720	   31b0	Experi_I2C.elf
Finished building: default.size.stdout
 
11:42:35 **** Incremental Build of configuration Debug for project Experi_I2C ****
make -j16 all 
arm-none-eabi-gcc "../Core/Src/main.c" -mcpu=cortex-m4 -std=gnu11 -g3 -DDEBUG -DUSE_HAL_DRIVER -DSTM32F446xx -c -I../Core/Inc -I../Drivers/STM32F4xx_HAL_Driver/Inc -I../Drivers/STM32F4xx_HAL_Driver/Inc/Legacy -I../Drivers/CMSIS/Device/ST/STM32F4xx/Include -I../Drivers/CMSIS/Include -O0 -ffunction-sections -fdata-sections -Wall -fstack-usage -fcyclomatic-complexity -MMD -MP -MF"Core/Src/main.d" -MT"Core/Src/main.o" --specs=nano.specs -mfpu=fpv4-sp-d16 -mfloat-abi=hard -mthumb -o "Core/Src/main.o"
arm-none-eabi-gcc -o "Experi_I2C.elf" @"objects.list"   -mcpu=cortex-m4 -T"C:\Users\JF\3D Objects\STM_32_I2C\Experi_I2C\STM32F446RETX_FLASH.ld" --specs=nosys.specs -Wl,-Map="Experi_I2C.map" -Wl,--gc-sections -static --specs=nano.specs -mfpu=fpv4-sp-d16 -mfloat-abi=hard -mthumb -Wl,--start-group -lc -lm -Wl,--end-group
Finished building target: Experi_I2C.elf
 
arm-none-eabi-size   Experi_I2C.elf 
arm-none-eabi-objdump -h -S  Experi_I2C.elf  > "Experi_I2C.list"
   text	   data	    bss	    dec	    hex	filename
  10960	     36	   1724	  12720	   31b0	Experi_I2C.elf
Finished building: default.size.stdout
 
Finished building: Experi_I2C.list
 
11:42:41 **** Incremental Build of configuration Debug for project Experi_I2C ****
make -j16 all 
arm-none-eabi-size   Experi_I2C.elf 
   text	   data	    bss	    dec	    hex	filename
  10960	     36	   1724	  12720	   31b0	Experi_I2C.elf
Finished building: default.size.stdout
 
11:43:04 **** Incremental Build of configuration Debug for project Experi_I2C ****
make -j16 all 
arm-none-eabi-size   Experi_I2C.elf 
   text	   data	    bss	    dec	    hex	filename
  10960	     36	   1724	  12720	   31b0	Experi_I2C.elf
Finished building: default.size.stdout
 
11:43:08 **** Incremental Build of configuration Debug for project Experi_I2C ****
make -j16 all 
arm-none-eabi-size   Experi_I2C.elf 
   text	   data	    bss	    dec	    hex	filename
  10960	     36	   1724	  12720	   31b0	Experi_I2C.elf
Finished building: default.size.stdout
 
11:43:43 **** Incremental Build of configuration Debug for project Experi_I2C ****
make -j16 all 
arm-none-eabi-gcc "../Core/Src/main.c" -mcpu=cortex-m4 -std=gnu11 -g3 -DDEBUG -DUSE_HAL_DRIVER -DSTM32F446xx -c -I../Core/Inc -I../Drivers/STM32F4xx_HAL_Driver/Inc -I../Drivers/STM32F4xx_HAL_Driver/Inc/Legacy -I../Drivers/CMSIS/Device/ST/STM32F4xx/Include -I../Drivers/CMSIS/Include -O0 -ffunction-sections -fdata-sections -Wall -fstack-usage -fcyclomatic-complexity -MMD -MP -MF"Core/Src/main.d" -MT"Core/Src/main.o" --specs=nano.specs -mfpu=fpv4-sp-d16 -mfloat-abi=hard -mthumb -o "Core/Src/main.o"
arm-none-eabi-gcc -o "Experi_I2C.elf" @"objects.list"   -mcpu=cortex-m4 -T"C:\Users\JF\3D Objects\STM_32_I2C\Experi_I2C\STM32F446RETX_FLASH.ld" --specs=nosys.specs -Wl,-Map="Experi_I2C.map" -Wl,--gc-sections -static --specs=nano.specs -mfpu=fpv4-sp-d16 -mfloat-abi=hard -mthumb -Wl,--start-group -lc -lm -Wl,--end-group
Finished building target: Experi_I2C.elf
 
arm-none-eabi-size   Experi_I2C.elf 
arm-none-eabi-objdump -h -S  Experi_I2C.elf  > "Experi_I2C.list"
   text	   data	    bss	    dec	    hex	filename
  10960	     36	   1724	  12720	   31b0	Experi_I2C.elf
Finished building: default.size.stdout
 
Finished building: Experi_I2C.list
 
11:43:47 **** Incremental Build of configuration Debug for project Experi_I2C ****
make -j16 all 
arm-none-eabi-size   Experi_I2C.elf 
   text	   data	    bss	    dec	    hex	filename
  10960	     36	   1724	  12720	   31b0	Experi_I2C.elf
Finished building: default.size.stdout
 
11:44:27 **** Incremental Build of configuration Debug for project Experi_I2C ****
make -j16 all 
arm-none-eabi-size   Experi_I2C.elf 
   text	   data	    bss	    dec	    hex	filename
  10960	     36	   1724	  12720	   31b0	Experi_I2C.elf
Finished building: default.size.stdout
 
11:44:32 **** Incremental Build of configuration Debug for project Experi_I2C ****
make -j16 all 
arm-none-eabi-size   Experi_I2C.elf 
   text	   data	    bss	    dec	    hex	filename
  10960	     36	   1724	  12720	   31b0	Experi_I2C.elf
Finished building: default.size.stdout
 
11:45:59 **** Incremental Build of configuration Debug for project Experi_I2C ****
make -j16 all 
arm-none-eabi-gcc "../Core/Src/main.c" -mcpu=cortex-m4 -std=gnu11 -g3 -DDEBUG -DUSE_HAL_DRIVER -DSTM32F446xx -c -I../Core/Inc -I../Drivers/STM32F4xx_HAL_Driver/Inc -I../Drivers/STM32F4xx_HAL_Driver/Inc/Legacy -I../Drivers/CMSIS/Device/ST/STM32F4xx/Include -I../Drivers/CMSIS/Include -O0 -ffunction-sections -fdata-sections -Wall -fstack-usage -fcyclomatic-complexity -MMD -MP -MF"Core/Src/main.d" -MT"Core/Src/main.o" --specs=nano.specs -mfpu=fpv4-sp-d16 -mfloat-abi=hard -mthumb -o "Core/Src/main.o"
arm-none-eabi-gcc -o "Experi_I2C.elf" @"objects.list"   -mcpu=cortex-m4 -T"C:\Users\JF\3D Objects\STM_32_I2C\Experi_I2C\STM32F446RETX_FLASH.ld" --specs=nosys.specs -Wl,-Map="Experi_I2C.map" -Wl,--gc-sections -static --specs=nano.specs -mfpu=fpv4-sp-d16 -mfloat-abi=hard -mthumb -Wl,--start-group -lc -lm -Wl,--end-group
Finished building target: Experi_I2C.elf
 
arm-none-eabi-size   Experi_I2C.elf 
arm-none-eabi-objdump -h -S  Experi_I2C.elf  > "Experi_I2C.list"
   text	   data	    bss	    dec	    hex	filename
  10960	     36	   1724	  12720	   31b0	Experi_I2C.elf
Finished building: default.size.stdout
 
Finished building: Experi_I2C.list
 
11:46:04 **** Incremental Build of configuration Debug for project Experi_I2C ****
make -j16 all 
arm-none-eabi-size   Experi_I2C.elf 
   text	   data	    bss	    dec	    hex	filename
  10960	     36	   1724	  12720	   31b0	Experi_I2C.elf
Finished building: default.size.stdout
 
11:46:33 **** Incremental Build of configuration Debug for project Experi_I2C ****
make -j16 all 
arm-none-eabi-gcc "../Core/Src/main.c" -mcpu=cortex-m4 -std=gnu11 -g3 -DDEBUG -DUSE_HAL_DRIVER -DSTM32F446xx -c -I../Core/Inc -I../Drivers/STM32F4xx_HAL_Driver/Inc -I../Drivers/STM32F4xx_HAL_Driver/Inc/Legacy -I../Drivers/CMSIS/Device/ST/STM32F4xx/Include -I../Drivers/CMSIS/Include -O0 -ffunction-sections -fdata-sections -Wall -fstack-usage -fcyclomatic-complexity -MMD -MP -MF"Core/Src/main.d" -MT"Core/Src/main.o" --specs=nano.specs -mfpu=fpv4-sp-d16 -mfloat-abi=hard -mthumb -o "Core/Src/main.o"
arm-none-eabi-gcc -o "Experi_I2C.elf" @"objects.list"   -mcpu=cortex-m4 -T"C:\Users\JF\3D Objects\STM_32_I2C\Experi_I2C\STM32F446RETX_FLASH.ld" --specs=nosys.specs -Wl,-Map="Experi_I2C.map" -Wl,--gc-sections -static --specs=nano.specs -mfpu=fpv4-sp-d16 -mfloat-abi=hard -mthumb -Wl,--start-group -lc -lm -Wl,--end-group
Finished building target: Experi_I2C.elf
 
arm-none-eabi-size   Experi_I2C.elf 
arm-none-eabi-objdump -h -S  Experi_I2C.elf  > "Experi_I2C.list"
   text	   data	    bss	    dec	    hex	filename
  10960	     36	   1724	  12720	   31b0	Experi_I2C.elf
Finished building: default.size.stdout
 
Finished building: Experi_I2C.list
 
11:46:38 **** Incremental Build of configuration Debug for project Experi_I2C ****
make -j16 all 
arm-none-eabi-size   Experi_I2C.elf 
   text	   data	    bss	    dec	    hex	filename
  10960	     36	   1724	  12720	   31b0	Experi_I2C.elf
Finished building: default.size.stdout
 
12:20:40 **** Incremental Build of configuration Debug for project Experi_I2C ****
make -j16 all 
arm-none-eabi-gcc "../Core/Src/main.c" -mcpu=cortex-m4 -std=gnu11 -g3 -DDEBUG -DUSE_HAL_DRIVER -DSTM32F446xx -c -I../Core/Inc -I../Drivers/STM32F4xx_HAL_Driver/Inc -I../Drivers/STM32F4xx_HAL_Driver/Inc/Legacy -I../Drivers/CMSIS/Device/ST/STM32F4xx/Include -I../Drivers/CMSIS/Include -O0 -ffunction-sections -fdata-sections -Wall -fstack-usage -fcyclomatic-complexity -MMD -MP -MF"Core/Src/main.d" -MT"Core/Src/main.o" --specs=nano.specs -mfpu=fpv4-sp-d16 -mfloat-abi=hard -mthumb -o "Core/Src/main.o"
arm-none-eabi-gcc -o "Experi_I2C.elf" @"objects.list"   -mcpu=cortex-m4 -T"C:\Users\JF\3D Objects\STM_32_I2C\Experi_I2C\STM32F446RETX_FLASH.ld" --specs=nosys.specs -Wl,-Map="Experi_I2C.map" -Wl,--gc-sections -static --specs=nano.specs -mfpu=fpv4-sp-d16 -mfloat-abi=hard -mthumb -Wl,--start-group -lc -lm -Wl,--end-group
Finished building target: Experi_I2C.elf
 
arm-none-eabi-size   Experi_I2C.elf 
arm-none-eabi-objdump -h -S  Experi_I2C.elf  > "Experi_I2C.list"
   text	   data	    bss	    dec	    hex	filename
  10968	     36	   1724	  12728	   31b8	Experi_I2C.elf
Finished building: default.size.stdout
 
Finished building: Experi_I2C.list
 
12:20:44 **** Incremental Build of configuration Debug for project Experi_I2C ****
make -j16 all 
arm-none-eabi-size   Experi_I2C.elf 
   text	   data	    bss	    dec	    hex	filename
  10968	     36	   1724	  12728	   31b8	Experi_I2C.elf
Finished building: default.size.stdout
 
12:25:24 **** Incremental Build of configuration Debug for project Experi_I2C ****
make -j16 all 
arm-none-eabi-gcc "../Core/Src/main.c" -mcpu=cortex-m4 -std=gnu11 -g3 -DDEBUG -DUSE_HAL_DRIVER -DSTM32F446xx -c -I../Core/Inc -I../Drivers/STM32F4xx_HAL_Driver/Inc -I../Drivers/STM32F4xx_HAL_Driver/Inc/Legacy -I../Drivers/CMSIS/Device/ST/STM32F4xx/Include -I../Drivers/CMSIS/Include -O0 -ffunction-sections -fdata-sections -Wall -fstack-usage -fcyclomatic-complexity -MMD -MP -MF"Core/Src/main.d" -MT"Core/Src/main.o" --specs=nano.specs -mfpu=fpv4-sp-d16 -mfloat-abi=hard -mthumb -o "Core/Src/main.o"
arm-none-eabi-gcc -o "Experi_I2C.elf" @"objects.list"   -mcpu=cortex-m4 -T"C:\Users\JF\3D Objects\STM_32_I2C\Experi_I2C\STM32F446RETX_FLASH.ld" --specs=nosys.specs -Wl,-Map="Experi_I2C.map" -Wl,--gc-sections -static --specs=nano.specs -mfpu=fpv4-sp-d16 -mfloat-abi=hard -mthumb -Wl,--start-group -lc -lm -Wl,--end-group
Finished building target: Experi_I2C.elf
 
arm-none-eabi-size   Experi_I2C.elf 
arm-none-eabi-objdump -h -S  Experi_I2C.elf  > "Experi_I2C.list"
   text	   data	    bss	    dec	    hex	filename
  10968	     36	   1724	  12728	   31b8	Experi_I2C.elf
Finished building: default.size.stdout
 
Finished building: Experi_I2C.list
 
12:25:29 **** Incremental Build of configuration Debug for project Experi_I2C ****
make -j16 all 
arm-none-eabi-size   Experi_I2C.elf 
   text	   data	    bss	    dec	    hex	filename
  10968	     36	   1724	  12728	   31b8	Experi_I2C.elf
Finished building: default.size.stdout
 
12:27:47 **** Incremental Build of configuration Debug for project Experi_I2C ****
make -j16 all 
arm-none-eabi-gcc "../Core/Src/main.c" -mcpu=cortex-m4 -std=gnu11 -g3 -DDEBUG -DUSE_HAL_DRIVER -DSTM32F446xx -c -I../Core/Inc -I../Drivers/STM32F4xx_HAL_Driver/Inc -I../Drivers/STM32F4xx_HAL_Driver/Inc/Legacy -I../Drivers/CMSIS/Device/ST/STM32F4xx/Include -I../Drivers/CMSIS/Include -O0 -ffunction-sections -fdata-sections -Wall -fstack-usage -fcyclomatic-complexity -MMD -MP -MF"Core/Src/main.d" -MT"Core/Src/main.o" --specs=nano.specs -mfpu=fpv4-sp-d16 -mfloat-abi=hard -mthumb -o "Core/Src/main.o"
arm-none-eabi-gcc -o "Experi_I2C.elf" @"objects.list"   -mcpu=cortex-m4 -T"C:\Users\JF\3D Objects\STM_32_I2C\Experi_I2C\STM32F446RETX_FLASH.ld" --specs=nosys.specs -Wl,-Map="Experi_I2C.map" -Wl,--gc-sections -static --specs=nano.specs -mfpu=fpv4-sp-d16 -mfloat-abi=hard -mthumb -Wl,--start-group -lc -lm -Wl,--end-group
Finished building target: Experi_I2C.elf
 
arm-none-eabi-size   Experi_I2C.elf 
arm-none-eabi-objdump -h -S  Experi_I2C.elf  > "Experi_I2C.list"
   text	   data	    bss	    dec	    hex	filename
  10968	     36	   1724	  12728	   31b8	Experi_I2C.elf
Finished building: default.size.stdout
 
Finished building: Experi_I2C.list
 
12:28:07 **** Incremental Build of configuration Debug for project Experi_I2C ****
make -j16 all 
arm-none-eabi-size   Experi_I2C.elf 
   text	   data	    bss	    dec	    hex	filename
  10968	     36	   1724	  12728	   31b8	Experi_I2C.elf
Finished building: default.size.stdout
 
